<?xml version="1.0" encoding="utf-8"?><testsuites><testsuite name="pytest" errors="0" failures="0" skipped="0" tests="4" time="147.059" timestamp="2023-10-27T16:35:02.132963" hostname="MacBook-Air-de-Daniel-Quintero.local"><testcase classname="tests.model.test_model.TestModel" name="test_model_fit" time="36.720" /><testcase classname="tests.model.test_model.TestModel" name="test_model_predict" time="35.575" /><testcase classname="tests.model.test_model.TestModel" name="test_model_preprocess_for_serving" time="36.042" /><testcase classname="tests.model.test_model.TestModel" name="test_model_preprocess_for_training" time="35.920" /></testsuite></testsuites>